exports[`AccountLoginForm component should enable connection button for valid OAuth account 1`] = `
<div
  className="account-form-login"
  role="form">
  <div
    className="coz-form-controls">
    <button
      aria-busy="false"
      className="coz-btn coz-btn--regular coz-btn"
      disabled={false}
      onClick={[Function]}>
      Connect
    </button>
  </div>
</div>
`;
