exports[`Failure component should be displayed with initial text if errorType is initial 1`] = `
<div
  className="con-error">
  <h2>
    Something went wrong when fetching your connectors and informations. Please refresh the page.
  </h2>
  <p>
    <button
      className="coz-btn coz-btn--regular"
      onClick={[Function]}
      role="button">
      Refresh now
    </button>
  </p>
</div>
`;

exports[`Failure component should correctly call the reload funtion on button click 1`] = `
<div
  className="con-error">
  <h2>
    Something went wrong when fetching your connectors and informations. Please refresh the page.
  </h2>
  <p>
    <button
      className="coz-btn coz-btn--regular"
      onClick={[Function]}
      role="button">
      Refresh now
    </button>
  </p>
</div>
`;
