// Jest Snapshot v1, https://goo.gl/fbAQLP

exports[`daytime library randomDayTime returns expected hours/minutes values 1`] = `
Object {
  "hours": 10,
  "minutes": 34,
}
`;

exports[`daytime library randomDayTime throw error on incorrect minimal hour 1`] = `"randomize function returns inconsistent hour value"`;

exports[`daytime library randomDayTime throws error on inconsistent end hour 1`] = `"interval must be inside [0, 24]"`;

exports[`daytime library randomDayTime throws error on inconsistent start hour 1`] = `"interval must be inside [0, 24]"`;

exports[`daytime library randomDayTime throws error on incorrect maximal hour 1`] = `"randomize function returns inconsistent hour value"`;

exports[`daytime library randomDayTime throws error when interval is malformed 1`] = `"interval must contain two values"`;

exports[`daytime library randomDayTime throws error when interval is not an array 1`] = `"interval must be an array"`;

exports[`daytime library randomDayTime throws error when interval is null 1`] = `"Missing interval parameter"`;

exports[`daytime library randomDayTime throws error when randomize is not a function 1`] = `"randomize must be a function"`;

exports[`daytime library randomDayTime throws error when randomize is null 1`] = `"Missing randomize parameter"`;
